// Jest Snapshot v1, https://goo.gl/fbAQLP

exports[`Home Home component should match the snapshot 1`] = `
ShallowWrapper {
  Symbol(enzyme.__root__): [Circular],
  Symbol(enzyme.__unrendered__): <Home />,
  Symbol(enzyme.__renderer__): Object {
    "batchedUpdates": [Function],
    "getNode": [Function],
    "render": [Function],
    "simulateError": [Function],
    "simulateEvent": [Function],
    "unmount": [Function],
  },
  Symbol(enzyme.__node__): Object {
    "instance": null,
    "key": undefined,
    "nodeType": "host",
    "props": Object {
      "children": Array [
        <header
          className="main-header-container"
>
          <img
                    alt="Orbital"
                    className="main-header-image"
                    src="orbital-header.svg"
          />
          <h1
                    className="header-title"
          >
                    Welcome Back
          </h1>
</header>,
        <div
          className="homepage-buttons"
>
          <button
                    className="home-button"
          >
                    <NavLink
                              activeClassName="active"
                              aria-current="page"
                              className="review-link"
                              onClick={[Function]}
                              to="/review"
                    >
                              Review
                    </NavLink>
          </button>
          <button
                    className="home-button"
          >
                    <NavLink
                              activeClassName="active"
                              aria-current="page"
                              className="review-link"
                              onClick={[Function]}
                              to="/trivia-center"
                    >
                              Trivia Center
                    </NavLink>
          </button>
</div>,
      ],
    },
    "ref": null,
    "rendered": Array [
      Object {
        "instance": null,
        "key": undefined,
        "nodeType": "host",
        "props": Object {
          "children": Array [
            <img
              alt="Orbital"
              className="main-header-image"
              src="orbital-header.svg"
/>,
            <h1
              className="header-title"
>
              Welcome Back
</h1>,
          ],
          "className": "main-header-container",
        },
        "ref": null,
        "rendered": Array [
          Object {
            "instance": null,
            "key": undefined,
            "nodeType": "host",
            "props": Object {
              "alt": "Orbital",
              "className": "main-header-image",
              "src": "orbital-header.svg",
            },
            "ref": null,
            "rendered": null,
            "type": "img",
          },
          Object {
            "instance": null,
            "key": undefined,
            "nodeType": "host",
            "props": Object {
              "children": "Welcome Back",
              "className": "header-title",
            },
            "ref": null,
            "rendered": "Welcome Back",
            "type": "h1",
          },
        ],
        "type": "header",
      },
      Object {
        "instance": null,
        "key": undefined,
        "nodeType": "host",
        "props": Object {
          "children": Array [
            <button
              className="home-button"
>
              <NavLink
                            activeClassName="active"
                            aria-current="page"
                            className="review-link"
                            onClick={[Function]}
                            to="/review"
              >
                            Review
              </NavLink>
</button>,
            <button
              className="home-button"
>
              <NavLink
                            activeClassName="active"
                            aria-current="page"
                            className="review-link"
                            onClick={[Function]}
                            to="/trivia-center"
              >
                            Trivia Center
              </NavLink>
</button>,
          ],
          "className": "homepage-buttons",
        },
        "ref": null,
        "rendered": Array [
          Object {
            "instance": null,
            "key": undefined,
            "nodeType": "host",
            "props": Object {
              "children": <NavLink
                activeClassName="active"
                aria-current="page"
                className="review-link"
                onClick={[Function]}
                to="/review"
>
                Review
</NavLink>,
              "className": "home-button",
            },
            "ref": null,
            "rendered": Object {
              "instance": null,
              "key": undefined,
              "nodeType": "function",
              "props": Object {
                "activeClassName": "active",
                "aria-current": "page",
                "children": "Review",
                "className": "review-link",
                "onClick": [Function],
                "to": "/review",
              },
              "ref": null,
              "rendered": "Review",
              "type": [Function],
            },
            "type": "button",
          },
          Object {
            "instance": null,
            "key": undefined,
            "nodeType": "host",
            "props": Object {
              "children": <NavLink
                activeClassName="active"
                aria-current="page"
                className="review-link"
                onClick={[Function]}
                to="/trivia-center"
>
                Trivia Center
</NavLink>,
              "className": "home-button",
            },
            "ref": null,
            "rendered": Object {
              "instance": null,
              "key": undefined,
              "nodeType": "function",
              "props": Object {
                "activeClassName": "active",
                "aria-current": "page",
                "children": "Trivia Center",
                "className": "review-link",
                "onClick": [Function],
                "to": "/trivia-center",
              },
              "ref": null,
              "rendered": "Trivia Center",
              "type": [Function],
            },
            "type": "button",
          },
        ],
        "type": "div",
      },
    ],
    "type": "div",
  },
  Symbol(enzyme.__nodes__): Array [
    Object {
      "instance": null,
      "key": undefined,
      "nodeType": "host",
      "props": Object {
        "children": Array [
          <header
            className="main-header-container"
>
            <img
                        alt="Orbital"
                        className="main-header-image"
                        src="orbital-header.svg"
            />
            <h1
                        className="header-title"
            >
                        Welcome Back
            </h1>
</header>,
          <div
            className="homepage-buttons"
>
            <button
                        className="home-button"
            >
                        <NavLink
                                    activeClassName="active"
                                    aria-current="page"
                                    className="review-link"
                                    onClick={[Function]}
                                    to="/review"
                        >
                                    Review
                        </NavLink>
            </button>
            <button
                        className="home-button"
            >
                        <NavLink
                                    activeClassName="active"
                                    aria-current="page"
                                    className="review-link"
                                    onClick={[Function]}
                                    to="/trivia-center"
                        >
                                    Trivia Center
                        </NavLink>
            </button>
</div>,
        ],
      },
      "ref": null,
      "rendered": Array [
        Object {
          "instance": null,
          "key": undefined,
          "nodeType": "host",
          "props": Object {
            "children": Array [
              <img
                alt="Orbital"
                className="main-header-image"
                src="orbital-header.svg"
/>,
              <h1
                className="header-title"
>
                Welcome Back
</h1>,
            ],
            "className": "main-header-container",
          },
          "ref": null,
          "rendered": Array [
            Object {
              "instance": null,
              "key": undefined,
              "nodeType": "host",
              "props": Object {
                "alt": "Orbital",
                "className": "main-header-image",
                "src": "orbital-header.svg",
              },
              "ref": null,
              "rendered": null,
              "type": "img",
            },
            Object {
              "instance": null,
              "key": undefined,
              "nodeType": "host",
              "props": Object {
                "children": "Welcome Back",
                "className": "header-title",
              },
              "ref": null,
              "rendered": "Welcome Back",
              "type": "h1",
            },
          ],
          "type": "header",
        },
        Object {
          "instance": null,
          "key": undefined,
          "nodeType": "host",
          "props": Object {
            "children": Array [
              <button
                className="home-button"
>
                <NavLink
                                activeClassName="active"
                                aria-current="page"
                                className="review-link"
                                onClick={[Function]}
                                to="/review"
                >
                                Review
                </NavLink>
</button>,
              <button
                className="home-button"
>
                <NavLink
                                activeClassName="active"
                                aria-current="page"
                                className="review-link"
                                onClick={[Function]}
                                to="/trivia-center"
                >
                                Trivia Center
                </NavLink>
</button>,
            ],
            "className": "homepage-buttons",
          },
          "ref": null,
          "rendered": Array [
            Object {
              "instance": null,
              "key": undefined,
              "nodeType": "host",
              "props": Object {
                "children": <NavLink
                  activeClassName="active"
                  aria-current="page"
                  className="review-link"
                  onClick={[Function]}
                  to="/review"
>
                  Review
</NavLink>,
                "className": "home-button",
              },
              "ref": null,
              "rendered": Object {
                "instance": null,
                "key": undefined,
                "nodeType": "function",
                "props": Object {
                  "activeClassName": "active",
                  "aria-current": "page",
                  "children": "Review",
                  "className": "review-link",
                  "onClick": [Function],
                  "to": "/review",
                },
                "ref": null,
                "rendered": "Review",
                "type": [Function],
              },
              "type": "button",
            },
            Object {
              "instance": null,
              "key": undefined,
              "nodeType": "host",
              "props": Object {
                "children": <NavLink
                  activeClassName="active"
                  aria-current="page"
                  className="review-link"
                  onClick={[Function]}
                  to="/trivia-center"
>
                  Trivia Center
</NavLink>,
                "className": "home-button",
              },
              "ref": null,
              "rendered": Object {
                "instance": null,
                "key": undefined,
                "nodeType": "function",
                "props": Object {
                  "activeClassName": "active",
                  "aria-current": "page",
                  "children": "Trivia Center",
                  "className": "review-link",
                  "onClick": [Function],
                  "to": "/trivia-center",
                },
                "ref": null,
                "rendered": "Trivia Center",
                "type": [Function],
              },
              "type": "button",
            },
          ],
          "type": "div",
        },
      ],
      "type": "div",
    },
  ],
  Symbol(enzyme.__options__): Object {
    "adapter": ReactSixteenAdapter {
      "options": Object {
        "enableComponentDidUpdateOnSetState": true,
        "lifecycles": Object {
          "componentDidUpdate": Object {
            "onSetState": true,
          },
          "getDerivedStateFromProps": true,
          "getSnapshotBeforeUpdate": true,
          "setState": Object {
            "skipsComponentDidUpdateOnNullish": true,
          },
        },
      },
    },
    "attachTo": undefined,
    "hydrateIn": undefined,
  },
}
`;
