// Jest Snapshot v1, https://goo.gl/fbAQLP

exports[`ReviewContainer ReviewContainer component should match the snapshot 1`] = `
ShallowWrapper {
  Symbol(enzyme.__root__): [Circular],
  Symbol(enzyme.__unrendered__): <ReviewContainer
    glossary={
        Array [
            Object {
              "definition": "A small solar system object composed mostly of rock. Many of these objects orbit the Sun between Mars and Jupiter. Their sizes range anywhere from 33 feet (10 meters) in diameter to less than 620 miles (1,000 kilometers). The largest known asteroid, Ceres, has a diameter of 579 miles (926 kilometers).",
              "id": 0,
              "name": "Asteroid",
            },
          ]
    }
    history={
        Object {
            "location": Object {
              "pathname": "/review-one",
            },
            "replace": [Function],
          }
    }
/>,
  Symbol(enzyme.__renderer__): Object {
    "batchedUpdates": [Function],
    "getNode": [Function],
    "render": [Function],
    "simulateError": [Function],
    "simulateEvent": [Function],
    "unmount": [Function],
  },
  Symbol(enzyme.__node__): Object {
    "instance": null,
    "key": undefined,
    "nodeType": "host",
    "props": Object {
      "children": Array [
        <NavLink
          activeClassName="active"
          aria-current="page"
          to="/"
>
          <img
                    alt="Orbital"
                    className="review-container-image"
                    src="orbital-header.svg"
          />
</NavLink>,
        <h2
          className="week-title"
>
          Weekly Review
</h2>,
        <ReviewCard
          definition="A small solar system object composed mostly of rock. Many of these objects orbit the Sun between Mars and Jupiter. Their sizes range anywhere from 33 feet (10 meters) in diameter to less than 620 miles (1,000 kilometers). The largest known asteroid, Ceres, has a diameter of 579 miles (926 kilometers)."
          id={0}
          name="Asteroid"
/>,
        <div
          className="button-container"
>
          <button
                    className="review-container-button"
                    name="previous"
                    onClick={[Function]}
          >
                    Previous
          </button>
          <button
                    className="review-container-button"
                    name="next"
                    onClick={[Function]}
          >
                    Next
          </button>
</div>,
      ],
    },
    "ref": null,
    "rendered": Array [
      Object {
        "instance": null,
        "key": undefined,
        "nodeType": "function",
        "props": Object {
          "activeClassName": "active",
          "aria-current": "page",
          "children": <img
            alt="Orbital"
            className="review-container-image"
            src="orbital-header.svg"
/>,
          "to": "/",
        },
        "ref": null,
        "rendered": Object {
          "instance": null,
          "key": undefined,
          "nodeType": "host",
          "props": Object {
            "alt": "Orbital",
            "className": "review-container-image",
            "src": "orbital-header.svg",
          },
          "ref": null,
          "rendered": null,
          "type": "img",
        },
        "type": [Function],
      },
      Object {
        "instance": null,
        "key": undefined,
        "nodeType": "host",
        "props": Object {
          "children": "Weekly Review",
          "className": "week-title",
        },
        "ref": null,
        "rendered": "Weekly Review",
        "type": "h2",
      },
      Object {
        "instance": null,
        "key": "0",
        "nodeType": "class",
        "props": Object {
          "definition": "A small solar system object composed mostly of rock. Many of these objects orbit the Sun between Mars and Jupiter. Their sizes range anywhere from 33 feet (10 meters) in diameter to less than 620 miles (1,000 kilometers). The largest known asteroid, Ceres, has a diameter of 579 miles (926 kilometers).",
          "id": 0,
          "name": "Asteroid",
        },
        "ref": null,
        "rendered": null,
        "type": [Function],
      },
      Object {
        "instance": null,
        "key": undefined,
        "nodeType": "host",
        "props": Object {
          "children": Array [
            <button
              className="review-container-button"
              name="previous"
              onClick={[Function]}
>
              Previous
</button>,
            <button
              className="review-container-button"
              name="next"
              onClick={[Function]}
>
              Next
</button>,
          ],
          "className": "button-container",
        },
        "ref": null,
        "rendered": Array [
          Object {
            "instance": null,
            "key": undefined,
            "nodeType": "host",
            "props": Object {
              "children": "Previous",
              "className": "review-container-button",
              "name": "previous",
              "onClick": [Function],
            },
            "ref": null,
            "rendered": "Previous",
            "type": "button",
          },
          Object {
            "instance": null,
            "key": undefined,
            "nodeType": "host",
            "props": Object {
              "children": "Next",
              "className": "review-container-button",
              "name": "next",
              "onClick": [Function],
            },
            "ref": null,
            "rendered": "Next",
            "type": "button",
          },
        ],
        "type": "div",
      },
    ],
    "type": "div",
  },
  Symbol(enzyme.__nodes__): Array [
    Object {
      "instance": null,
      "key": undefined,
      "nodeType": "host",
      "props": Object {
        "children": Array [
          <NavLink
            activeClassName="active"
            aria-current="page"
            to="/"
>
            <img
                        alt="Orbital"
                        className="review-container-image"
                        src="orbital-header.svg"
            />
</NavLink>,
          <h2
            className="week-title"
>
            Weekly Review
</h2>,
          <ReviewCard
            definition="A small solar system object composed mostly of rock. Many of these objects orbit the Sun between Mars and Jupiter. Their sizes range anywhere from 33 feet (10 meters) in diameter to less than 620 miles (1,000 kilometers). The largest known asteroid, Ceres, has a diameter of 579 miles (926 kilometers)."
            id={0}
            name="Asteroid"
/>,
          <div
            className="button-container"
>
            <button
                        className="review-container-button"
                        name="previous"
                        onClick={[Function]}
            >
                        Previous
            </button>
            <button
                        className="review-container-button"
                        name="next"
                        onClick={[Function]}
            >
                        Next
            </button>
</div>,
        ],
      },
      "ref": null,
      "rendered": Array [
        Object {
          "instance": null,
          "key": undefined,
          "nodeType": "function",
          "props": Object {
            "activeClassName": "active",
            "aria-current": "page",
            "children": <img
              alt="Orbital"
              className="review-container-image"
              src="orbital-header.svg"
/>,
            "to": "/",
          },
          "ref": null,
          "rendered": Object {
            "instance": null,
            "key": undefined,
            "nodeType": "host",
            "props": Object {
              "alt": "Orbital",
              "className": "review-container-image",
              "src": "orbital-header.svg",
            },
            "ref": null,
            "rendered": null,
            "type": "img",
          },
          "type": [Function],
        },
        Object {
          "instance": null,
          "key": undefined,
          "nodeType": "host",
          "props": Object {
            "children": "Weekly Review",
            "className": "week-title",
          },
          "ref": null,
          "rendered": "Weekly Review",
          "type": "h2",
        },
        Object {
          "instance": null,
          "key": "0",
          "nodeType": "class",
          "props": Object {
            "definition": "A small solar system object composed mostly of rock. Many of these objects orbit the Sun between Mars and Jupiter. Their sizes range anywhere from 33 feet (10 meters) in diameter to less than 620 miles (1,000 kilometers). The largest known asteroid, Ceres, has a diameter of 579 miles (926 kilometers).",
            "id": 0,
            "name": "Asteroid",
          },
          "ref": null,
          "rendered": null,
          "type": [Function],
        },
        Object {
          "instance": null,
          "key": undefined,
          "nodeType": "host",
          "props": Object {
            "children": Array [
              <button
                className="review-container-button"
                name="previous"
                onClick={[Function]}
>
                Previous
</button>,
              <button
                className="review-container-button"
                name="next"
                onClick={[Function]}
>
                Next
</button>,
            ],
            "className": "button-container",
          },
          "ref": null,
          "rendered": Array [
            Object {
              "instance": null,
              "key": undefined,
              "nodeType": "host",
              "props": Object {
                "children": "Previous",
                "className": "review-container-button",
                "name": "previous",
                "onClick": [Function],
              },
              "ref": null,
              "rendered": "Previous",
              "type": "button",
            },
            Object {
              "instance": null,
              "key": undefined,
              "nodeType": "host",
              "props": Object {
                "children": "Next",
                "className": "review-container-button",
                "name": "next",
                "onClick": [Function],
              },
              "ref": null,
              "rendered": "Next",
              "type": "button",
            },
          ],
          "type": "div",
        },
      ],
      "type": "div",
    },
  ],
  Symbol(enzyme.__options__): Object {
    "adapter": ReactSixteenAdapter {
      "options": Object {
        "enableComponentDidUpdateOnSetState": true,
        "lifecycles": Object {
          "componentDidUpdate": Object {
            "onSetState": true,
          },
          "getDerivedStateFromProps": true,
          "getSnapshotBeforeUpdate": true,
          "setState": Object {
            "skipsComponentDidUpdateOnNullish": true,
          },
        },
      },
    },
    "attachTo": undefined,
    "hydrateIn": undefined,
  },
}
`;
