// Jest Snapshot v1, https://goo.gl/fbAQLP

exports[`Results Results component should match the snapshot 1`] = `
ShallowWrapper {
  Symbol(enzyme.__root__): [Circular],
  Symbol(enzyme.__unrendered__): <Results
    resetScore={[Function]}
    score={undefined}
/>,
  Symbol(enzyme.__renderer__): Object {
    "batchedUpdates": [Function],
    "getNode": [Function],
    "render": [Function],
    "simulateError": [Function],
    "simulateEvent": [Function],
    "unmount": [Function],
  },
  Symbol(enzyme.__node__): Object {
    "instance": null,
    "key": undefined,
    "nodeType": "host",
    "props": Object {
      "children": Array [
        <NavLink
          activeClassName="active"
          aria-current="page"
          className="reset-link"
          onClick={[Function]}
          to="/"
>
          <img
                    alt="Orbital"
                    className="results-image"
                    src="orbital-header.svg"
          />
</NavLink>,
        <div
          className="score-container"
>
          <h1
                    className="results-header"
          >
                    Your Results
          </h1>
          <p
                    className="score"
          >
                    Score:
                     
                    <span
                              className="low-score"
                    >
                              NaN
                              %
                    </span>
          </p>
</div>,
      ],
    },
    "ref": null,
    "rendered": Array [
      Object {
        "instance": null,
        "key": undefined,
        "nodeType": "function",
        "props": Object {
          "activeClassName": "active",
          "aria-current": "page",
          "children": <img
            alt="Orbital"
            className="results-image"
            src="orbital-header.svg"
/>,
          "className": "reset-link",
          "onClick": [Function],
          "to": "/",
        },
        "ref": null,
        "rendered": Object {
          "instance": null,
          "key": undefined,
          "nodeType": "host",
          "props": Object {
            "alt": "Orbital",
            "className": "results-image",
            "src": "orbital-header.svg",
          },
          "ref": null,
          "rendered": null,
          "type": "img",
        },
        "type": [Function],
      },
      Object {
        "instance": null,
        "key": undefined,
        "nodeType": "host",
        "props": Object {
          "children": Array [
            <h1
              className="results-header"
>
              Your Results
</h1>,
            <p
              className="score"
>
              Score:
               
              <span
                            className="low-score"
              >
                            NaN
                            %
              </span>
</p>,
          ],
          "className": "score-container",
        },
        "ref": null,
        "rendered": Array [
          Object {
            "instance": null,
            "key": undefined,
            "nodeType": "host",
            "props": Object {
              "children": "Your Results",
              "className": "results-header",
            },
            "ref": null,
            "rendered": "Your Results",
            "type": "h1",
          },
          Object {
            "instance": null,
            "key": undefined,
            "nodeType": "host",
            "props": Object {
              "children": Array [
                "Score:",
                " ",
                <span
                  className="low-score"
>
                  NaN
                  %
</span>,
              ],
              "className": "score",
            },
            "ref": null,
            "rendered": Array [
              "Score:",
              " ",
              Object {
                "instance": null,
                "key": undefined,
                "nodeType": "host",
                "props": Object {
                  "children": Array [
                    "NaN",
                    "%",
                  ],
                  "className": "low-score",
                },
                "ref": null,
                "rendered": Array [
                  "NaN",
                  "%",
                ],
                "type": "span",
              },
            ],
            "type": "p",
          },
        ],
        "type": "div",
      },
    ],
    "type": "div",
  },
  Symbol(enzyme.__nodes__): Array [
    Object {
      "instance": null,
      "key": undefined,
      "nodeType": "host",
      "props": Object {
        "children": Array [
          <NavLink
            activeClassName="active"
            aria-current="page"
            className="reset-link"
            onClick={[Function]}
            to="/"
>
            <img
                        alt="Orbital"
                        className="results-image"
                        src="orbital-header.svg"
            />
</NavLink>,
          <div
            className="score-container"
>
            <h1
                        className="results-header"
            >
                        Your Results
            </h1>
            <p
                        className="score"
            >
                        Score:
                         
                        <span
                                    className="low-score"
                        >
                                    NaN
                                    %
                        </span>
            </p>
</div>,
        ],
      },
      "ref": null,
      "rendered": Array [
        Object {
          "instance": null,
          "key": undefined,
          "nodeType": "function",
          "props": Object {
            "activeClassName": "active",
            "aria-current": "page",
            "children": <img
              alt="Orbital"
              className="results-image"
              src="orbital-header.svg"
/>,
            "className": "reset-link",
            "onClick": [Function],
            "to": "/",
          },
          "ref": null,
          "rendered": Object {
            "instance": null,
            "key": undefined,
            "nodeType": "host",
            "props": Object {
              "alt": "Orbital",
              "className": "results-image",
              "src": "orbital-header.svg",
            },
            "ref": null,
            "rendered": null,
            "type": "img",
          },
          "type": [Function],
        },
        Object {
          "instance": null,
          "key": undefined,
          "nodeType": "host",
          "props": Object {
            "children": Array [
              <h1
                className="results-header"
>
                Your Results
</h1>,
              <p
                className="score"
>
                Score:
                 
                <span
                                className="low-score"
                >
                                NaN
                                %
                </span>
</p>,
            ],
            "className": "score-container",
          },
          "ref": null,
          "rendered": Array [
            Object {
              "instance": null,
              "key": undefined,
              "nodeType": "host",
              "props": Object {
                "children": "Your Results",
                "className": "results-header",
              },
              "ref": null,
              "rendered": "Your Results",
              "type": "h1",
            },
            Object {
              "instance": null,
              "key": undefined,
              "nodeType": "host",
              "props": Object {
                "children": Array [
                  "Score:",
                  " ",
                  <span
                    className="low-score"
>
                    NaN
                    %
</span>,
                ],
                "className": "score",
              },
              "ref": null,
              "rendered": Array [
                "Score:",
                " ",
                Object {
                  "instance": null,
                  "key": undefined,
                  "nodeType": "host",
                  "props": Object {
                    "children": Array [
                      "NaN",
                      "%",
                    ],
                    "className": "low-score",
                  },
                  "ref": null,
                  "rendered": Array [
                    "NaN",
                    "%",
                  ],
                  "type": "span",
                },
              ],
              "type": "p",
            },
          ],
          "type": "div",
        },
      ],
      "type": "div",
    },
  ],
  Symbol(enzyme.__options__): Object {
    "adapter": ReactSixteenAdapter {
      "options": Object {
        "enableComponentDidUpdateOnSetState": true,
        "lifecycles": Object {
          "componentDidUpdate": Object {
            "onSetState": true,
          },
          "getDerivedStateFromProps": true,
          "getSnapshotBeforeUpdate": true,
          "setState": Object {
            "skipsComponentDidUpdateOnNullish": true,
          },
        },
      },
    },
    "attachTo": undefined,
    "hydrateIn": undefined,
  },
}
`;
